SELECT hamming_distance('0000', '0000');
 hamming_distance 
------------------
                0
(1 row)

SELECT hamming_distance('0000', 'ffff');
 hamming_distance 
------------------
               16
(1 row)

SELECT hamming_distance('ffff', '0000');
 hamming_distance 
------------------
               16
(1 row)

SELECT hamming_distance('1201', '0101');
 hamming_distance 
------------------
                3
(1 row)

SELECT hamming_distance('01010101', '10101010');
 hamming_distance 
------------------
                8
(1 row)

SELECT hamming_distance('010101010101010101010101010101010101010101010101', '101010101010101010101010101010101010101010101010');
 hamming_distance 
------------------
               48
(1 row)

SELECT hamming_distance('ffff', 'FFFF');
 hamming_distance 
------------------
                0
(1 row)

